// Vitest Snapshot v1

exports[`CreateHashtagPage > page snapshot 1`] = `
{
  "asFragment": [Function],
  "baseElement": <body>
    <div>
      <div
        class="sc-gswNZR cJrdyV"
      >
        <form
          class="sc-jIRcFI iwFYYu"
        >
          <h2
            class="sc-eDvSVe dcXtK"
          >
            Dodaj hashtag
          </h2>
          <div
            class="sc-dmctIk iThEeJ"
          >
            <div
              class="sc-kgTSHT fmvgAY"
            >
              <input
                class="sc-fLcnxK gGYQKp"
                data-testid="create-hashtag-name"
                id="name"
                name="name"
                placeholder="Nazwa hashtagu"
              />
            </div>
          </div>
          <input
            class="sc-hhOBVt dvAfkB"
            type="submit"
            value="Dodaj"
          />
        </form>
      </div>
    </div>
  </body>,
  "container": <div>
    <div
      class="sc-gswNZR cJrdyV"
    >
      <form
        class="sc-jIRcFI iwFYYu"
      >
        <h2
          class="sc-eDvSVe dcXtK"
        >
          Dodaj hashtag
        </h2>
        <div
          class="sc-dmctIk iThEeJ"
        >
          <div
            class="sc-kgTSHT fmvgAY"
          >
            <input
              class="sc-fLcnxK gGYQKp"
              data-testid="create-hashtag-name"
              id="name"
              name="name"
              placeholder="Nazwa hashtagu"
            />
          </div>
        </div>
        <input
          class="sc-hhOBVt dvAfkB"
          type="submit"
          value="Dodaj"
        />
      </form>
    </div>
  </div>,
  "debug": [Function],
  "findAllByAltText": [Function],
  "findAllByDisplayValue": [Function],
  "findAllByLabelText": [Function],
  "findAllByPlaceholderText": [Function],
  "findAllByRole": [Function],
  "findAllByTestId": [Function],
  "findAllByText": [Function],
  "findAllByTitle": [Function],
  "findByAltText": [Function],
  "findByDisplayValue": [Function],
  "findByLabelText": [Function],
  "findByPlaceholderText": [Function],
  "findByRole": [Function],
  "findByTestId": [Function],
  "findByText": [Function],
  "findByTitle": [Function],
  "getAllByAltText": [Function],
  "getAllByDisplayValue": [Function],
  "getAllByLabelText": [Function],
  "getAllByPlaceholderText": [Function],
  "getAllByRole": [Function],
  "getAllByTestId": [Function],
  "getAllByText": [Function],
  "getAllByTitle": [Function],
  "getByAltText": [Function],
  "getByDisplayValue": [Function],
  "getByLabelText": [Function],
  "getByPlaceholderText": [Function],
  "getByRole": [Function],
  "getByTestId": [Function],
  "getByText": [Function],
  "getByTitle": [Function],
  "queryAllByAltText": [Function],
  "queryAllByDisplayValue": [Function],
  "queryAllByLabelText": [Function],
  "queryAllByPlaceholderText": [Function],
  "queryAllByRole": [Function],
  "queryAllByTestId": [Function],
  "queryAllByText": [Function],
  "queryAllByTitle": [Function],
  "queryByAltText": [Function],
  "queryByDisplayValue": [Function],
  "queryByLabelText": [Function],
  "queryByPlaceholderText": [Function],
  "queryByRole": [Function],
  "queryByTestId": [Function],
  "queryByText": [Function],
  "queryByTitle": [Function],
  "rerender": [Function],
  "unmount": [Function],
}
`;
