// Vitest Snapshot v1

exports[`Button > component snapshot 1`] = `
{
  "asFragment": [Function],
  "baseElement": <body>
    <div>
      <button
        class="sc-jSUZER kEKcxS"
        data-testid="side-menu-hamburger-icon"
      >
        <svg
          data-testid="hamburger-icon"
          fill="none"
          height="15"
          viewBox="0 0 45 23"
          width="30"
          xmlns="http://www.w3.org/2000/svg"
        >
          <line
            stroke="#013059"
            stroke-width="3"
            x2="45"
            y1="21.5"
            y2="21.5"
          />
          <line
            stroke="#013059"
            stroke-width="3"
            x2="45"
            y1="11.5"
            y2="11.5"
          />
          <line
            stroke="#013059"
            stroke-width="3"
            x2="45"
            y1="1.5"
            y2="1.5"
          />
        </svg>
      </button>
    </div>
  </body>,
  "container": <div>
    <button
      class="sc-jSUZER kEKcxS"
      data-testid="side-menu-hamburger-icon"
    >
      <svg
        data-testid="hamburger-icon"
        fill="none"
        height="15"
        viewBox="0 0 45 23"
        width="30"
        xmlns="http://www.w3.org/2000/svg"
      >
        <line
          stroke="#013059"
          stroke-width="3"
          x2="45"
          y1="21.5"
          y2="21.5"
        />
        <line
          stroke="#013059"
          stroke-width="3"
          x2="45"
          y1="11.5"
          y2="11.5"
        />
        <line
          stroke="#013059"
          stroke-width="3"
          x2="45"
          y1="1.5"
          y2="1.5"
        />
      </svg>
    </button>
  </div>,
  "debug": [Function],
  "findAllByAltText": [Function],
  "findAllByDisplayValue": [Function],
  "findAllByLabelText": [Function],
  "findAllByPlaceholderText": [Function],
  "findAllByRole": [Function],
  "findAllByTestId": [Function],
  "findAllByText": [Function],
  "findAllByTitle": [Function],
  "findByAltText": [Function],
  "findByDisplayValue": [Function],
  "findByLabelText": [Function],
  "findByPlaceholderText": [Function],
  "findByRole": [Function],
  "findByTestId": [Function],
  "findByText": [Function],
  "findByTitle": [Function],
  "getAllByAltText": [Function],
  "getAllByDisplayValue": [Function],
  "getAllByLabelText": [Function],
  "getAllByPlaceholderText": [Function],
  "getAllByRole": [Function],
  "getAllByTestId": [Function],
  "getAllByText": [Function],
  "getAllByTitle": [Function],
  "getByAltText": [Function],
  "getByDisplayValue": [Function],
  "getByLabelText": [Function],
  "getByPlaceholderText": [Function],
  "getByRole": [Function],
  "getByTestId": [Function],
  "getByText": [Function],
  "getByTitle": [Function],
  "queryAllByAltText": [Function],
  "queryAllByDisplayValue": [Function],
  "queryAllByLabelText": [Function],
  "queryAllByPlaceholderText": [Function],
  "queryAllByRole": [Function],
  "queryAllByTestId": [Function],
  "queryAllByText": [Function],
  "queryAllByTitle": [Function],
  "queryByAltText": [Function],
  "queryByDisplayValue": [Function],
  "queryByLabelText": [Function],
  "queryByPlaceholderText": [Function],
  "queryByRole": [Function],
  "queryByTestId": [Function],
  "queryByText": [Function],
  "queryByTitle": [Function],
  "rerender": [Function],
  "unmount": [Function],
}
`;
