// Vitest Snapshot v1

exports[`SideMenu > component snapshot 1`] = `
{
  "asFragment": [Function],
  "baseElement": <body>
    <div />
    <div
      class="sc-gswNZR gGMjic"
    >
      <div
        class="sc-ftTHYK cxjxyv"
        data-testid="hamburger-manu-side-menu"
      >
        <div
          class="sc-pyfCe dMgNQh"
        >
          <h1
            class="sc-eDvSVe cDuoXV"
          >
            Pelikan Business
          </h1>
          <button
            class="sc-jSUZER kEKcxS"
            data-testid="side-menu-close-icon"
          >
            <svg
              data-testid="close-icon"
              fill="none"
              viewBox="0 0 20 20"
              width="15"
              xmlns="http://www.w3.org/2000/svg"
            >
              <path
                d="M20 2.01429L17.9857 0L10 7.98571L2.01429 0L0 2.01429L7.98571 10L0 17.9857L2.01429 20L10 12.0143L17.9857 20L20 17.9857L12.0143 10L20 2.01429Z"
                fill="#013059"
              />
            </svg>
          </button>
        </div>
        <nav
          class="sc-jrcTuL"
        >
          <ul
            class="sc-kDvujY cWThKJ"
          >
            <li
              class="sc-ipEyDJ jHcbia"
            >
              <h1
                class="sc-eDvSVe cDuoXV"
              >
                Oferty
              </h1>
              <button
                class="sc-dkrFOg hbaBB"
                data-testid="side-menu-item-create-offer"
              >
                Dodaj Ofertę
              </button>
              <button
                class="sc-dkrFOg hbaBB"
                data-testid="side-menu-item-list-offer"
              >
                Lista Ofert
              </button>
            </li>
            <li
              class="sc-ipEyDJ jHcbia"
            >
              <h1
                class="sc-eDvSVe cDuoXV"
              >
                Hotele
              </h1>
              <button
                class="sc-dkrFOg hbaBB"
                data-testid="side-menu-item-create-hotel"
              >
                Dodaj Hotel
              </button>
              <button
                class="sc-dkrFOg hbaBB"
                data-testid="side-menu-item-list-hotel"
              >
                Lista Hoteli
              </button>
            </li>
            <li
              class="sc-ipEyDJ jHcbia"
            >
              <h1
                class="sc-eDvSVe cDuoXV"
              >
                Transport
              </h1>
              <button
                class="sc-dkrFOg hbaBB"
                data-testid="side-menu-item-create-transport"
              >
                Dodaj Transport
              </button>
              <button
                class="sc-dkrFOg hbaBB"
                data-testid="side-menu-item-list-transport"
              >
                Lista Transportów
              </button>
            </li>
            <li
              class="sc-ipEyDJ jHcbia"
            >
              <h1
                class="sc-eDvSVe cDuoXV"
              >
                Atrakcje
              </h1>
              <button
                class="sc-dkrFOg hbaBB"
                data-testid="side-menu-item-create-attraction"
              >
                Dodaj Atrakcję
              </button>
              <button
                class="sc-dkrFOg hbaBB"
                data-testid="side-menu-item-list-attraction"
              >
                Lista Atrakcji
              </button>
            </li>
            <li
              class="sc-ipEyDJ jHcbia"
            >
              <h1
                class="sc-eDvSVe cDuoXV"
              >
                Hash Tagi
              </h1>
              <button
                class="sc-dkrFOg hbaBB"
                data-testid="side-menu-item-create-hashtag"
              >
                Dodaj Hash Tag
              </button>
              <button
                class="sc-dkrFOg hbaBB"
                data-testid="side-menu-item-list-hashtag"
              >
                Lista Hash Tagów
              </button>
            </li>
          </ul>
        </nav>
        <button
          class="sc-dkrFOg GlDzn"
        >
          Wyloguj
        </button>
      </div>
    </div>
  </body>,
  "container": <div />,
  "debug": [Function],
  "findAllByAltText": [Function],
  "findAllByDisplayValue": [Function],
  "findAllByLabelText": [Function],
  "findAllByPlaceholderText": [Function],
  "findAllByRole": [Function],
  "findAllByTestId": [Function],
  "findAllByText": [Function],
  "findAllByTitle": [Function],
  "findByAltText": [Function],
  "findByDisplayValue": [Function],
  "findByLabelText": [Function],
  "findByPlaceholderText": [Function],
  "findByRole": [Function],
  "findByTestId": [Function],
  "findByText": [Function],
  "findByTitle": [Function],
  "getAllByAltText": [Function],
  "getAllByDisplayValue": [Function],
  "getAllByLabelText": [Function],
  "getAllByPlaceholderText": [Function],
  "getAllByRole": [Function],
  "getAllByTestId": [Function],
  "getAllByText": [Function],
  "getAllByTitle": [Function],
  "getByAltText": [Function],
  "getByDisplayValue": [Function],
  "getByLabelText": [Function],
  "getByPlaceholderText": [Function],
  "getByRole": [Function],
  "getByTestId": [Function],
  "getByText": [Function],
  "getByTitle": [Function],
  "queryAllByAltText": [Function],
  "queryAllByDisplayValue": [Function],
  "queryAllByLabelText": [Function],
  "queryAllByPlaceholderText": [Function],
  "queryAllByRole": [Function],
  "queryAllByTestId": [Function],
  "queryAllByText": [Function],
  "queryAllByTitle": [Function],
  "queryByAltText": [Function],
  "queryByDisplayValue": [Function],
  "queryByLabelText": [Function],
  "queryByPlaceholderText": [Function],
  "queryByRole": [Function],
  "queryByTestId": [Function],
  "queryByText": [Function],
  "queryByTitle": [Function],
  "rerender": [Function],
  "unmount": [Function],
}
`;
