// Vitest Snapshot v1

exports[`OfferOverviewTemplate > component snapshot 1`] = `
{
  "asFragment": [Function],
  "baseElement": <body>
    <div>
      <div
        class="sc-gswNZR cJrdyV"
      >
        <div
          class="sc-gYbzsP fZAhDs"
        >
          <h2
            class="sc-eDvSVe dcXtK"
          >
            Oferty
          </h2>
          <ul
            class="sc-cCjUiG gdYusC"
          >
            <li>
              <p
                class="sc-ftTHYK iSkTh"
              >
                Brak ofert w systemie
              </p>
            </li>
          </ul>
          <div
            class="sc-cjibBx bzGlRW"
          >
            <p
              class="sc-ftTHYK iSkTh"
              data-testid="pagination-counter"
            >
              1
               / X
            </p>
          </div>
          <button
            class="sc-hLBbgP fxgbmT"
          >
            Dodaj ofertę
          </button>
        </div>
      </div>
    </div>
  </body>,
  "container": <div>
    <div
      class="sc-gswNZR cJrdyV"
    >
      <div
        class="sc-gYbzsP fZAhDs"
      >
        <h2
          class="sc-eDvSVe dcXtK"
        >
          Oferty
        </h2>
        <ul
          class="sc-cCjUiG gdYusC"
        >
          <li>
            <p
              class="sc-ftTHYK iSkTh"
            >
              Brak ofert w systemie
            </p>
          </li>
        </ul>
        <div
          class="sc-cjibBx bzGlRW"
        >
          <p
            class="sc-ftTHYK iSkTh"
            data-testid="pagination-counter"
          >
            1
             / X
          </p>
        </div>
        <button
          class="sc-hLBbgP fxgbmT"
        >
          Dodaj ofertę
        </button>
      </div>
    </div>
  </div>,
  "debug": [Function],
  "findAllByAltText": [Function],
  "findAllByDisplayValue": [Function],
  "findAllByLabelText": [Function],
  "findAllByPlaceholderText": [Function],
  "findAllByRole": [Function],
  "findAllByTestId": [Function],
  "findAllByText": [Function],
  "findAllByTitle": [Function],
  "findByAltText": [Function],
  "findByDisplayValue": [Function],
  "findByLabelText": [Function],
  "findByPlaceholderText": [Function],
  "findByRole": [Function],
  "findByTestId": [Function],
  "findByText": [Function],
  "findByTitle": [Function],
  "getAllByAltText": [Function],
  "getAllByDisplayValue": [Function],
  "getAllByLabelText": [Function],
  "getAllByPlaceholderText": [Function],
  "getAllByRole": [Function],
  "getAllByTestId": [Function],
  "getAllByText": [Function],
  "getAllByTitle": [Function],
  "getByAltText": [Function],
  "getByDisplayValue": [Function],
  "getByLabelText": [Function],
  "getByPlaceholderText": [Function],
  "getByRole": [Function],
  "getByTestId": [Function],
  "getByText": [Function],
  "getByTitle": [Function],
  "queryAllByAltText": [Function],
  "queryAllByDisplayValue": [Function],
  "queryAllByLabelText": [Function],
  "queryAllByPlaceholderText": [Function],
  "queryAllByRole": [Function],
  "queryAllByTestId": [Function],
  "queryAllByText": [Function],
  "queryAllByTitle": [Function],
  "queryByAltText": [Function],
  "queryByDisplayValue": [Function],
  "queryByLabelText": [Function],
  "queryByPlaceholderText": [Function],
  "queryByRole": [Function],
  "queryByTestId": [Function],
  "queryByText": [Function],
  "queryByTitle": [Function],
  "rerender": [Function],
  "unmount": [Function],
}
`;
