// Vitest Snapshot v1

exports[`Text > component snapshot 1`] = `
{
  "asFragment": [Function],
  "baseElement": .c0 {
  margin: 0;
  padding: 0;
  font-family: 'Nanum Gothic',sans-serif;
  color: #21313F;
  font-size: 1rem;
}

@media (min-width:390px) {
  .c0 {
    font-size: 1.4rem;
  }
}

@media (min-width:834px) {
  .c0 {
    font-size: 1.8rem;
  }
}

@media (min-width:1728px) {
  .c0 {
    font-size: 2rem;
  }
}

<body>
    <div>
      <p
        class="c0"
        data-testid="text-atom"
      >
        Text
      </p>
    </div>
  </body>,
  "container": .c0 {
  margin: 0;
  padding: 0;
  font-family: 'Nanum Gothic',sans-serif;
  color: #21313F;
  font-size: 1rem;
}

@media (min-width:390px) {
  .c0 {
    font-size: 1.4rem;
  }
}

@media (min-width:834px) {
  .c0 {
    font-size: 1.8rem;
  }
}

@media (min-width:1728px) {
  .c0 {
    font-size: 2rem;
  }
}

<div>
    <p
      class="c0"
      data-testid="text-atom"
    >
      Text
    </p>
  </div>,
  "debug": [Function],
  "findAllByAltText": [Function],
  "findAllByDisplayValue": [Function],
  "findAllByLabelText": [Function],
  "findAllByPlaceholderText": [Function],
  "findAllByRole": [Function],
  "findAllByTestId": [Function],
  "findAllByText": [Function],
  "findAllByTitle": [Function],
  "findByAltText": [Function],
  "findByDisplayValue": [Function],
  "findByLabelText": [Function],
  "findByPlaceholderText": [Function],
  "findByRole": [Function],
  "findByTestId": [Function],
  "findByText": [Function],
  "findByTitle": [Function],
  "getAllByAltText": [Function],
  "getAllByDisplayValue": [Function],
  "getAllByLabelText": [Function],
  "getAllByPlaceholderText": [Function],
  "getAllByRole": [Function],
  "getAllByTestId": [Function],
  "getAllByText": [Function],
  "getAllByTitle": [Function],
  "getByAltText": [Function],
  "getByDisplayValue": [Function],
  "getByLabelText": [Function],
  "getByPlaceholderText": [Function],
  "getByRole": [Function],
  "getByTestId": [Function],
  "getByText": [Function],
  "getByTitle": [Function],
  "queryAllByAltText": [Function],
  "queryAllByDisplayValue": [Function],
  "queryAllByLabelText": [Function],
  "queryAllByPlaceholderText": [Function],
  "queryAllByRole": [Function],
  "queryAllByTestId": [Function],
  "queryAllByText": [Function],
  "queryAllByTitle": [Function],
  "queryByAltText": [Function],
  "queryByDisplayValue": [Function],
  "queryByLabelText": [Function],
  "queryByPlaceholderText": [Function],
  "queryByRole": [Function],
  "queryByTestId": [Function],
  "queryByText": [Function],
  "queryByTitle": [Function],
  "rerender": [Function],
  "unmount": [Function],
}
`;
