// Vitest Snapshot v1

exports[`CreateHashtag Template > component snapshot 1`] = `
{
  "asFragment": [Function],
  "baseElement": <body>
    <div>
      <div
        class="sc-cwSeag jmwCBD"
      >
        <form
          class="sc-bjfHbI hvxeVC"
        >
          <h2
            class="sc-dkrFOg jPWIGE"
          >
            Dodaj hashtag
          </h2>
          <div
            class="sc-csuSiG fWMyeb"
          >
            <input
              class="sc-eDWCr cfzujf"
              data-testid="create-hashtag-name"
              id="hashtagName"
              name="hashtagName"
              placeholder="Nazwa hashtagu"
            />
          </div>
          <input
            class="sc-idXgbr iQQowE"
            type="submit"
            value="Dodaj"
          />
        </form>
      </div>
    </div>
  </body>,
  "container": <div>
    <div
      class="sc-cwSeag jmwCBD"
    >
      <form
        class="sc-bjfHbI hvxeVC"
      >
        <h2
          class="sc-dkrFOg jPWIGE"
        >
          Dodaj hashtag
        </h2>
        <div
          class="sc-csuSiG fWMyeb"
        >
          <input
            class="sc-eDWCr cfzujf"
            data-testid="create-hashtag-name"
            id="hashtagName"
            name="hashtagName"
            placeholder="Nazwa hashtagu"
          />
        </div>
        <input
          class="sc-idXgbr iQQowE"
          type="submit"
          value="Dodaj"
        />
      </form>
    </div>
  </div>,
  "debug": [Function],
  "findAllByAltText": [Function],
  "findAllByDisplayValue": [Function],
  "findAllByLabelText": [Function],
  "findAllByPlaceholderText": [Function],
  "findAllByRole": [Function],
  "findAllByTestId": [Function],
  "findAllByText": [Function],
  "findAllByTitle": [Function],
  "findByAltText": [Function],
  "findByDisplayValue": [Function],
  "findByLabelText": [Function],
  "findByPlaceholderText": [Function],
  "findByRole": [Function],
  "findByTestId": [Function],
  "findByText": [Function],
  "findByTitle": [Function],
  "getAllByAltText": [Function],
  "getAllByDisplayValue": [Function],
  "getAllByLabelText": [Function],
  "getAllByPlaceholderText": [Function],
  "getAllByRole": [Function],
  "getAllByTestId": [Function],
  "getAllByText": [Function],
  "getAllByTitle": [Function],
  "getByAltText": [Function],
  "getByDisplayValue": [Function],
  "getByLabelText": [Function],
  "getByPlaceholderText": [Function],
  "getByRole": [Function],
  "getByTestId": [Function],
  "getByText": [Function],
  "getByTitle": [Function],
  "queryAllByAltText": [Function],
  "queryAllByDisplayValue": [Function],
  "queryAllByLabelText": [Function],
  "queryAllByPlaceholderText": [Function],
  "queryAllByRole": [Function],
  "queryAllByTestId": [Function],
  "queryAllByText": [Function],
  "queryAllByTitle": [Function],
  "queryByAltText": [Function],
  "queryByDisplayValue": [Function],
  "queryByLabelText": [Function],
  "queryByPlaceholderText": [Function],
  "queryByRole": [Function],
  "queryByTestId": [Function],
  "queryByText": [Function],
  "queryByTitle": [Function],
  "rerender": [Function],
  "unmount": [Function],
}
`;
