// Vitest Snapshot v1

exports[`CreateHotelTemplate > component snapshot 1`] = `
{
  "asFragment": [Function],
  "baseElement": <body>
    <div>
      <div
        class="sc-iAEawV eSwvqh"
      >
        <form
          class="sc-pyfCe rsgVC"
        >
          <h2
            class="sc-dkrFOg kaKqDq"
          >
            Dodaj hotel
          </h2>
          <div
            class="sc-gKPRtg gOHhkn"
          >
            <div
              class="sc-idXgbr doOTQv"
            >
              <div
                class="sc-dIfARi fkTxxa"
              >
                <input
                  class="sc-hHTYSt fAxxrI"
                  data-testid="create-hotel-name"
                  id="name"
                  name="name"
                  placeholder="Nazwa hotelu"
                />
              </div>
            </div>
            <div
              class="sc-idXgbr doOTQv"
            >
              <div
                class="sc-dIfARi fkTxxa"
              >
                <input
                  class="sc-hHTYSt fAxxrI"
                  data-testid="create-hotel-address"
                  id="address"
                  name="address"
                  placeholder="Adres"
                />
              </div>
            </div>
          </div>
          <div
            class="sc-idXgbr doOTQv"
          >
            <div
              class="sc-dIfARi fkTxxa"
            >
              <input
                class="sc-hHTYSt fAxxrI"
                data-testid="create-hotel-stars-rating"
                id="starRating"
                name="starRating"
                placeholder="Ilość gwiazdek"
              />
            </div>
          </div>
          <div
            class="sc-hBxehG dvBsjd"
          >
            <div
              class="sc-fnGiBr rTdrx"
            >
              <textarea
                class="sc-bjfHbI bpDBhG"
                data-testid="create-hotel-description"
                id="description"
                name="description"
                placeholder="Opis"
              />
            </div>
          </div>
          <input
            class="sc-jrcTuL iZHkcL"
            type="submit"
            value="Dodaj"
          />
        </form>
      </div>
    </div>
  </body>,
  "container": <div>
    <div
      class="sc-iAEawV eSwvqh"
    >
      <form
        class="sc-pyfCe rsgVC"
      >
        <h2
          class="sc-dkrFOg kaKqDq"
        >
          Dodaj hotel
        </h2>
        <div
          class="sc-gKPRtg gOHhkn"
        >
          <div
            class="sc-idXgbr doOTQv"
          >
            <div
              class="sc-dIfARi fkTxxa"
            >
              <input
                class="sc-hHTYSt fAxxrI"
                data-testid="create-hotel-name"
                id="name"
                name="name"
                placeholder="Nazwa hotelu"
              />
            </div>
          </div>
          <div
            class="sc-idXgbr doOTQv"
          >
            <div
              class="sc-dIfARi fkTxxa"
            >
              <input
                class="sc-hHTYSt fAxxrI"
                data-testid="create-hotel-address"
                id="address"
                name="address"
                placeholder="Adres"
              />
            </div>
          </div>
        </div>
        <div
          class="sc-idXgbr doOTQv"
        >
          <div
            class="sc-dIfARi fkTxxa"
          >
            <input
              class="sc-hHTYSt fAxxrI"
              data-testid="create-hotel-stars-rating"
              id="starRating"
              name="starRating"
              placeholder="Ilość gwiazdek"
            />
          </div>
        </div>
        <div
          class="sc-hBxehG dvBsjd"
        >
          <div
            class="sc-fnGiBr rTdrx"
          >
            <textarea
              class="sc-bjfHbI bpDBhG"
              data-testid="create-hotel-description"
              id="description"
              name="description"
              placeholder="Opis"
            />
          </div>
        </div>
        <input
          class="sc-jrcTuL iZHkcL"
          type="submit"
          value="Dodaj"
        />
      </form>
    </div>
  </div>,
  "debug": [Function],
  "findAllByAltText": [Function],
  "findAllByDisplayValue": [Function],
  "findAllByLabelText": [Function],
  "findAllByPlaceholderText": [Function],
  "findAllByRole": [Function],
  "findAllByTestId": [Function],
  "findAllByText": [Function],
  "findAllByTitle": [Function],
  "findByAltText": [Function],
  "findByDisplayValue": [Function],
  "findByLabelText": [Function],
  "findByPlaceholderText": [Function],
  "findByRole": [Function],
  "findByTestId": [Function],
  "findByText": [Function],
  "findByTitle": [Function],
  "getAllByAltText": [Function],
  "getAllByDisplayValue": [Function],
  "getAllByLabelText": [Function],
  "getAllByPlaceholderText": [Function],
  "getAllByRole": [Function],
  "getAllByTestId": [Function],
  "getAllByText": [Function],
  "getAllByTitle": [Function],
  "getByAltText": [Function],
  "getByDisplayValue": [Function],
  "getByLabelText": [Function],
  "getByPlaceholderText": [Function],
  "getByRole": [Function],
  "getByTestId": [Function],
  "getByText": [Function],
  "getByTitle": [Function],
  "queryAllByAltText": [Function],
  "queryAllByDisplayValue": [Function],
  "queryAllByLabelText": [Function],
  "queryAllByPlaceholderText": [Function],
  "queryAllByRole": [Function],
  "queryAllByTestId": [Function],
  "queryAllByText": [Function],
  "queryAllByTitle": [Function],
  "queryByAltText": [Function],
  "queryByDisplayValue": [Function],
  "queryByLabelText": [Function],
  "queryByPlaceholderText": [Function],
  "queryByRole": [Function],
  "queryByTestId": [Function],
  "queryByText": [Function],
  "queryByTitle": [Function],
  "rerender": [Function],
  "unmount": [Function],
}
`;
