// Vitest Snapshot v1

exports[`DashboardTemplate > component snapshot 1`] = `
{
  "asFragment": [Function],
  "baseElement": .c1 {
  margin: 0;
  padding: 0;
  font-family: 'Nanum Gothic',sans-serif;
  color: #21313F;
  font-size: 1rem;
}

.c0 {
  width: 98vw;
  height: 98vh;
  display: -webkit-box;
  display: -webkit-flex;
  display: -ms-flexbox;
  display: flex;
  -webkit-box-pack: center;
  -webkit-justify-content: center;
  -ms-flex-pack: center;
  justify-content: center;
  -webkit-align-items: center;
  -webkit-box-align: center;
  -ms-flex-align: center;
  align-items: center;
  -webkit-flex-direction: column;
  -ms-flex-direction: column;
  flex-direction: column;
}

@media (min-width:390px) {
  .c1 {
    font-size: 1.4rem;
  }
}

@media (min-width:834px) {
  .c1 {
    font-size: 1.8rem;
  }
}

@media (min-width:1728px) {
  .c1 {
    font-size: 2rem;
  }
}

<body>
    <div>
      <main
        class="c0"
      >
        <p
          class="c1"
        >
          Pelikan Business Template
        </p>
        <p
          class="c1"
          data-testid="app-version"
        >
          v
          0.0.1
        </p>
      </main>
    </div>
  </body>,
  "container": .c1 {
  margin: 0;
  padding: 0;
  font-family: 'Nanum Gothic',sans-serif;
  color: #21313F;
  font-size: 1rem;
}

.c0 {
  width: 98vw;
  height: 98vh;
  display: -webkit-box;
  display: -webkit-flex;
  display: -ms-flexbox;
  display: flex;
  -webkit-box-pack: center;
  -webkit-justify-content: center;
  -ms-flex-pack: center;
  justify-content: center;
  -webkit-align-items: center;
  -webkit-box-align: center;
  -ms-flex-align: center;
  align-items: center;
  -webkit-flex-direction: column;
  -ms-flex-direction: column;
  flex-direction: column;
}

@media (min-width:390px) {
  .c1 {
    font-size: 1.4rem;
  }
}

@media (min-width:834px) {
  .c1 {
    font-size: 1.8rem;
  }
}

@media (min-width:1728px) {
  .c1 {
    font-size: 2rem;
  }
}

<div>
    <main
      class="c0"
    >
      <p
        class="c1"
      >
        Pelikan Business Template
      </p>
      <p
        class="c1"
        data-testid="app-version"
      >
        v
        0.0.1
      </p>
    </main>
  </div>,
  "debug": [Function],
  "findAllByAltText": [Function],
  "findAllByDisplayValue": [Function],
  "findAllByLabelText": [Function],
  "findAllByPlaceholderText": [Function],
  "findAllByRole": [Function],
  "findAllByTestId": [Function],
  "findAllByText": [Function],
  "findAllByTitle": [Function],
  "findByAltText": [Function],
  "findByDisplayValue": [Function],
  "findByLabelText": [Function],
  "findByPlaceholderText": [Function],
  "findByRole": [Function],
  "findByTestId": [Function],
  "findByText": [Function],
  "findByTitle": [Function],
  "getAllByAltText": [Function],
  "getAllByDisplayValue": [Function],
  "getAllByLabelText": [Function],
  "getAllByPlaceholderText": [Function],
  "getAllByRole": [Function],
  "getAllByTestId": [Function],
  "getAllByText": [Function],
  "getAllByTitle": [Function],
  "getByAltText": [Function],
  "getByDisplayValue": [Function],
  "getByLabelText": [Function],
  "getByPlaceholderText": [Function],
  "getByRole": [Function],
  "getByTestId": [Function],
  "getByText": [Function],
  "getByTitle": [Function],
  "queryAllByAltText": [Function],
  "queryAllByDisplayValue": [Function],
  "queryAllByLabelText": [Function],
  "queryAllByPlaceholderText": [Function],
  "queryAllByRole": [Function],
  "queryAllByTestId": [Function],
  "queryAllByText": [Function],
  "queryAllByTitle": [Function],
  "queryByAltText": [Function],
  "queryByDisplayValue": [Function],
  "queryByLabelText": [Function],
  "queryByPlaceholderText": [Function],
  "queryByRole": [Function],
  "queryByTestId": [Function],
  "queryByText": [Function],
  "queryByTitle": [Function],
  "rerender": [Function],
  "unmount": [Function],
}
`;
